pcb_LC_0	332.2229
pcb_LC_1	333.1668
pcb_LC_2	333.5437
pcb_LC_3	333.6797
pcb_LC_4	333.6796
pcb_LC_5	333.5435
pcb_LC_6	333.1665
pcb_LC_7	332.2226
pcb_LC_8	331.7289
pcb_LC_9	332.5071
pcb_LC_10	332.8570
pcb_LC_11	332.9925
pcb_LC_12	332.9923
pcb_LC_13	332.8567
pcb_LC_14	332.5068
pcb_LC_15	331.7286
pcb_LC_16	331.2020
pcb_LC_17	331.5501
pcb_LC_18	331.7283
pcb_LC_19	331.8068
pcb_LC_20	331.8067
pcb_LC_21	331.7280
pcb_LC_22	331.5498
pcb_LC_23	331.2017
pcb_LC_24	330.7293
pcb_LC_25	330.7386
pcb_LC_26	330.7742
pcb_LC_27	330.8006
pcb_LC_28	330.8005
pcb_LC_29	330.7741
pcb_LC_30	330.7384
pcb_LC_31	330.7291
solder_LC_0	333.8034
solder_LC_1	334.6642
solder_LC_2	334.9963
solder_LC_3	335.1175
solder_LC_4	335.1172
solder_LC_5	334.9959
solder_LC_6	334.6637
solder_LC_7	333.8029
solder_LC_8	333.0130
solder_LC_9	333.5581
solder_LC_10	333.8157
solder_LC_11	333.9230
solder_LC_12	333.9224
solder_LC_13	333.8151
solder_LC_14	333.5576
solder_LC_15	333.0125
solder_LC_16	331.6993
solder_LC_17	331.5626
solder_LC_18	331.5981
solder_LC_19	331.6390
solder_LC_20	331.6386
solder_LC_21	331.5977
solder_LC_22	331.5622
solder_LC_23	331.6989
solder_LC_24	330.8301
solder_LC_25	330.2824
solder_LC_26	330.1762
solder_LC_27	330.1690
solder_LC_28	330.1689
solder_LC_29	330.1760
solder_LC_30	330.2822
solder_LC_31	330.8298
sub_LC_0	334.6333
sub_LC_1	335.4214
sub_LC_2	335.7490
sub_LC_3	335.8719
sub_LC_4	335.8713
sub_LC_5	335.7485
sub_LC_6	335.4209
sub_LC_7	334.6326
sub_LC_8	333.5452
sub_LC_9	334.0509
sub_LC_10	334.3057
sub_LC_11	334.4145
sub_LC_12	334.4132
sub_LC_13	334.3050
sub_LC_14	334.0504
sub_LC_15	333.5446
sub_LC_16	331.3441
sub_LC_17	331.2444
sub_LC_18	331.2921
sub_LC_19	331.3376
sub_LC_20	331.3370
sub_LC_21	331.2916
sub_LC_22	331.2440
sub_LC_23	331.3437
sub_LC_24	330.2003
sub_LC_25	329.7349
sub_LC_26	329.6489
sub_LC_27	329.6487
sub_LC_28	329.6485
sub_LC_29	329.6487
sub_LC_30	329.7347
sub_LC_31	330.2000
layer_3_LC_0	342.5603
layer_3_LC_1	342.9067
layer_3_LC_2	343.1686
layer_3_LC_3	343.2968
layer_3_LC_4	343.2943
layer_3_LC_5	343.1674
layer_3_LC_6	342.9056
layer_3_LC_7	342.5576
layer_3_LC_8	338.8591
layer_3_LC_9	339.1675
layer_3_LC_10	339.4101
layer_3_LC_11	339.5379
layer_3_LC_12	339.5287
layer_3_LC_13	339.4082
layer_3_LC_14	339.1667
layer_3_LC_15	338.8580
layer_3_LC_16	327.5459
layer_3_LC_17	327.7541
layer_3_LC_18	327.9331
layer_3_LC_19	328.0271
layer_3_LC_20	328.0251
layer_3_LC_21	327.9323
layer_3_LC_22	327.7538
layer_3_LC_23	327.5455
layer_3_LC_24	324.0496
layer_3_LC_25	324.1899
layer_3_LC_26	324.3249
layer_3_LC_27	324.3983
layer_3_LC_28	324.3980
layer_3_LC_29	324.3246
layer_3_LC_30	324.1897
layer_3_LC_31	324.0494
layer_4_TB_0	342.4862
layer_4_TB_1	342.8323
layer_4_TB_2	343.0940
layer_4_TB_3	343.2222
layer_4_TB_4	343.2196
layer_4_TB_5	343.0928
layer_4_TB_6	342.8312
layer_4_TB_7	342.4835
layer_4_TB_8	338.7925
layer_4_TB_9	339.1009
layer_4_TB_10	339.3434
layer_4_TB_11	339.4712
layer_4_TB_12	339.4620
layer_4_TB_13	339.3415
layer_4_TB_14	339.1001
layer_4_TB_15	338.7913
layer_4_TB_16	327.5309
layer_4_TB_17	327.7397
layer_4_TB_18	327.9187
layer_4_TB_19	328.0129
layer_4_TB_20	328.0108
layer_4_TB_21	327.9180
layer_4_TB_22	327.7393
layer_4_TB_23	327.5305
layer_4_TB_24	324.0407
layer_4_TB_25	324.1817
layer_4_TB_26	324.3169
layer_4_TB_27	324.3904
layer_4_TB_28	324.3901
layer_4_TB_29	324.3167
layer_4_TB_30	324.1815
layer_4_TB_31	324.0405
layer_5_B_0	341.7456
layer_5_B_1	342.0890
layer_5_B_2	342.3489
layer_5_B_3	342.4762
layer_5_B_4	342.4737
layer_5_B_5	342.3477
layer_5_B_6	342.0879
layer_5_B_7	341.7428
layer_5_B_8	338.1278
layer_5_B_9	338.4365
layer_5_B_10	338.6784
layer_5_B_11	338.8063
layer_5_B_12	338.7966
layer_5_B_13	338.6765
layer_5_B_14	338.4357
layer_5_B_15	338.1266
layer_5_B_16	327.3796
layer_5_B_17	327.5931
layer_5_B_18	327.7738
layer_5_B_19	327.8682
layer_5_B_20	327.8662
layer_5_B_21	327.7730
layer_5_B_22	327.5928
layer_5_B_23	327.3793
layer_5_B_24	323.9517
layer_5_B_25	324.0994
layer_5_B_26	324.2370
layer_5_B_27	324.3111
layer_5_B_28	324.3108
layer_5_B_29	324.2367
layer_5_B_30	324.0993
layer_5_B_31	323.9515
layer_6_TB_0	341.6412
layer_6_TB_1	341.9847
layer_6_TB_2	342.2443
layer_6_TB_3	342.3714
layer_6_TB_4	342.3689
layer_6_TB_5	342.2431
layer_6_TB_6	341.9836
layer_6_TB_7	341.6384
layer_6_TB_8	338.0396
layer_6_TB_9	338.3486
layer_6_TB_10	338.5904
layer_6_TB_11	338.7183
layer_6_TB_12	338.7086
layer_6_TB_13	338.5886
layer_6_TB_14	338.3478
layer_6_TB_15	338.0385
layer_6_TB_16	327.3542
layer_6_TB_17	327.5683
layer_6_TB_18	327.7491
layer_6_TB_19	327.8436
layer_6_TB_20	327.8415
layer_6_TB_21	327.7483
layer_6_TB_22	327.5679
layer_6_TB_23	327.3538
layer_6_TB_24	323.9402
layer_6_TB_25	324.0886
layer_6_TB_26	324.2264
layer_6_TB_27	324.3006
layer_6_TB_28	324.3003
layer_6_TB_29	324.2261
layer_6_TB_30	324.0884
layer_6_TB_31	323.9400
layer_7_B_32	340.5980
layer_7_B_33	340.9414
layer_7_B_34	341.1986
layer_7_B_35	341.3243
layer_7_B_36	341.3219
layer_7_B_37	341.1975
layer_7_B_38	340.9403
layer_7_B_39	340.5951
layer_7_B_40	337.1594
layer_7_B_41	337.4713
layer_7_B_42	337.7125
layer_7_B_43	337.8406
layer_7_B_44	337.8300
layer_7_B_45	337.7108
layer_7_B_46	337.4705
layer_7_B_47	337.1583
layer_7_B_48	327.0977
layer_7_B_49	327.3183
layer_7_B_50	327.5008
layer_7_B_51	327.5956
layer_7_B_52	327.5936
layer_7_B_53	327.5001
layer_7_B_54	327.3179
layer_7_B_55	327.0973
layer_7_B_56	323.8241
layer_7_B_57	323.9800
layer_7_B_58	324.1202
layer_7_B_59	324.1949
layer_7_B_60	324.1947
layer_7_B_61	324.1199
layer_7_B_62	323.9799
layer_7_B_63	323.8239
layer_8_TB_0	340.4637
layer_8_TB_1	340.8073
layer_8_TB_2	341.0643
layer_8_TB_3	341.1897
layer_8_TB_4	341.1874
layer_8_TB_5	341.0632
layer_8_TB_6	340.8063
layer_8_TB_7	340.4608
layer_8_TB_8	337.0493
layer_8_TB_9	337.3618
layer_8_TB_10	337.6029
layer_8_TB_11	337.7307
layer_8_TB_12	337.7203
layer_8_TB_13	337.6012
layer_8_TB_14	337.3610
layer_8_TB_15	337.0482
layer_8_TB_16	327.0624
layer_8_TB_17	327.2839
layer_8_TB_18	327.4666
layer_8_TB_19	327.5614
layer_8_TB_20	327.5595
layer_8_TB_21	327.4659
layer_8_TB_22	327.2836
layer_8_TB_23	327.0621
layer_8_TB_24	323.8099
layer_8_TB_25	323.9667
layer_8_TB_26	324.1071
layer_8_TB_27	324.1819
layer_8_TB_28	324.1816
layer_8_TB_29	324.1069
layer_8_TB_30	323.9665
layer_8_TB_31	323.8097
layer_9_B_64	339.1212
layer_9_B_65	339.4674
layer_9_B_66	339.7214
layer_9_B_67	339.8447
layer_9_B_68	339.8426
layer_9_B_69	339.7204
layer_9_B_70	339.4663
layer_9_B_71	339.1182
layer_9_B_72	335.9498
layer_9_B_73	336.2679
layer_9_B_74	336.5083
layer_9_B_75	336.6331
layer_9_B_76	336.6247
layer_9_B_77	336.5067
layer_9_B_78	336.2672
layer_9_B_79	335.9487
layer_9_B_80	326.7086
layer_9_B_81	326.9386
layer_9_B_82	327.1232
layer_9_B_83	327.2181
layer_9_B_84	327.2163
layer_9_B_85	327.1225
layer_9_B_86	326.9382
layer_9_B_87	326.7083
layer_9_B_88	323.6678
layer_9_B_89	323.8330
layer_9_B_90	323.9758
layer_9_B_91	324.0511
layer_9_B_92	324.0508
layer_9_B_93	323.9756
layer_9_B_94	323.8328
layer_9_B_95	323.6676
layer_10_TB_0	338.9574
layer_10_TB_1	339.3041
layer_10_TB_2	339.5578
layer_10_TB_3	339.6808
layer_10_TB_4	339.6786
layer_10_TB_5	339.5568
layer_10_TB_6	339.3030
layer_10_TB_7	338.9544
layer_10_TB_8	335.8174
layer_10_TB_9	336.1364
layer_10_TB_10	336.3767
layer_10_TB_11	336.5012
layer_10_TB_12	336.4930
layer_10_TB_13	336.3751
layer_10_TB_14	336.1357
layer_10_TB_15	335.8163
layer_10_TB_16	326.6645
layer_10_TB_17	326.8955
layer_10_TB_18	327.0803
layer_10_TB_19	327.1752
layer_10_TB_20	327.1735
layer_10_TB_21	327.0796
layer_10_TB_22	326.8951
layer_10_TB_23	326.6642
layer_10_TB_24	323.6511
layer_10_TB_25	323.8173
layer_10_TB_26	323.9604
layer_10_TB_27	324.0357
layer_10_TB_28	324.0354
layer_10_TB_29	323.9601
layer_10_TB_30	323.8171
layer_10_TB_31	323.6510
layer_11_B_96	337.3195
layer_11_B_97	337.6714
layer_11_B_98	337.9216
layer_11_B_99	338.0419
layer_11_B_100	338.0400
layer_11_B_101	337.9207
layer_11_B_102	337.6704
layer_11_B_103	337.3164
layer_11_B_104	334.4953
layer_11_B_105	334.8228
layer_11_B_106	335.0622
layer_11_B_107	335.1837
layer_11_B_108	335.1772
layer_11_B_109	335.0608
layer_11_B_110	334.8222
layer_11_B_111	334.4943
layer_11_B_112	326.2218
layer_11_B_113	326.4632
layer_11_B_114	326.6502
layer_11_B_115	326.7451
layer_11_B_116	326.7435
layer_11_B_117	326.6496
layer_11_B_118	326.4629
layer_11_B_119	326.2215
layer_11_B_120	323.4845
layer_11_B_121	323.6602
layer_11_B_122	323.8057
layer_11_B_123	323.8814
layer_11_B_124	323.8812
layer_11_B_125	323.8055
layer_11_B_126	323.6600
layer_11_B_127	323.4844
layer_12_TB_0	337.1266
layer_12_TB_1	337.4793
layer_12_TB_2	337.7291
layer_12_TB_3	337.8490
layer_12_TB_4	337.8471
layer_12_TB_5	337.7282
layer_12_TB_6	337.4783
layer_12_TB_7	337.1235
layer_12_TB_8	334.3404
layer_12_TB_9	334.6691
layer_12_TB_10	334.9083
layer_12_TB_11	335.0296
layer_12_TB_12	335.0232
layer_12_TB_13	334.9069
layer_12_TB_14	334.6684
layer_12_TB_15	334.3394
layer_12_TB_16	326.1696
layer_12_TB_17	326.4124
layer_12_TB_18	326.5996
layer_12_TB_19	326.6945
layer_12_TB_20	326.6929
layer_12_TB_21	326.5990
layer_12_TB_22	326.4121
layer_12_TB_23	326.1693
layer_12_TB_24	323.4657
layer_12_TB_25	323.6424
layer_12_TB_26	323.7882
layer_12_TB_27	323.8639
layer_12_TB_28	323.8637
layer_12_TB_29	323.7880
layer_12_TB_30	323.6422
layer_12_TB_31	323.4655
layer_13_B_128	335.1979
layer_13_B_129	335.5585
layer_13_B_130	335.8041
layer_13_B_131	335.9207
layer_13_B_132	335.9191
layer_13_B_133	335.8033
layer_13_B_134	335.5576
layer_13_B_135	335.1947
layer_13_B_136	332.7927
layer_13_B_137	333.1329
layer_13_B_138	333.3710
layer_13_B_139	333.4893
layer_13_B_140	333.4843
layer_13_B_141	333.3698
layer_13_B_142	333.1323
layer_13_B_143	332.7917
layer_13_B_144	325.6471
layer_13_B_145	325.9026
layer_13_B_146	326.0921
layer_13_B_147	326.1869
layer_13_B_148	326.1856
layer_13_B_149	326.0915
layer_13_B_150	325.9023
layer_13_B_151	325.6468
layer_13_B_152	323.2768
layer_13_B_153	323.4642
layer_13_B_154	323.6124
layer_13_B_155	323.6884
layer_13_B_156	323.6882
layer_13_B_157	323.6122
layer_13_B_158	323.4641
layer_13_B_159	323.2767
layer_14_TB_0	334.9764
layer_14_TB_1	335.3381
layer_14_TB_2	335.5832
layer_14_TB_3	335.6994
layer_14_TB_4	335.6978
layer_14_TB_5	335.5824
layer_14_TB_6	335.3372
layer_14_TB_7	334.9732
layer_14_TB_8	332.6149
layer_14_TB_9	332.9566
layer_14_TB_10	333.1946
layer_14_TB_11	333.3125
layer_14_TB_12	333.3077
layer_14_TB_13	333.1934
layer_14_TB_14	332.9560
layer_14_TB_15	332.6140
layer_14_TB_16	325.5880
layer_14_TB_17	325.8450
layer_14_TB_18	326.0347
layer_14_TB_19	326.1295
layer_14_TB_20	326.1282
layer_14_TB_21	326.0342
layer_14_TB_22	325.8447
layer_14_TB_23	325.5877
layer_14_TB_24	323.2560
layer_14_TB_25	323.4446
layer_14_TB_26	323.5930
layer_14_TB_27	323.6690
layer_14_TB_28	323.6688
layer_14_TB_29	323.5928
layer_14_TB_30	323.4444
layer_14_TB_31	323.2558
layer_15_B_160	332.7619
layer_15_B_161	333.1343
layer_15_B_162	333.3745
layer_15_B_163	333.4867
layer_15_B_164	333.4855
layer_15_B_165	333.3738
layer_15_B_166	333.1336
layer_15_B_167	332.7585
layer_15_B_168	330.8382
layer_15_B_169	331.1947
layer_15_B_170	331.4313
layer_15_B_171	331.5461
layer_15_B_172	331.5425
layer_15_B_173	331.4303
layer_15_B_174	331.1942
layer_15_B_175	330.8374
layer_15_B_176	324.9959
layer_15_B_177	325.2683
layer_15_B_178	325.4604
layer_15_B_179	325.5550
layer_15_B_180	325.5540
layer_15_B_181	325.4599
layer_15_B_182	325.2680
layer_15_B_183	324.9956
layer_15_B_184	323.0474
layer_15_B_185	323.2481
layer_15_B_186	323.3988
layer_15_B_187	323.4750
layer_15_B_188	323.4748
layer_15_B_189	323.3987
layer_15_B_190	323.2479
layer_15_B_191	323.0473
layer_16_TB_0	332.5124
layer_16_TB_1	332.8862
layer_16_TB_2	333.1258
layer_16_TB_3	333.2375
layer_16_TB_4	333.2363
layer_16_TB_5	333.1251
layer_16_TB_6	332.8855
layer_16_TB_7	332.5089
layer_16_TB_8	330.6372
layer_16_TB_9	330.9955
layer_16_TB_10	331.2318
layer_16_TB_11	331.3463
layer_16_TB_12	331.3429
layer_16_TB_13	331.2309
layer_16_TB_14	330.9950
layer_16_TB_15	330.6364
layer_16_TB_16	324.9310
layer_16_TB_17	325.2052
layer_16_TB_18	325.3975
layer_16_TB_19	325.4921
layer_16_TB_20	325.4911
layer_16_TB_21	325.3971
layer_16_TB_22	325.2050
layer_16_TB_23	324.9307
layer_16_TB_24	323.0249
layer_16_TB_25	323.2269
layer_16_TB_26	323.3779
layer_16_TB_27	323.4541
layer_16_TB_28	323.4539
layer_16_TB_29	323.3777
layer_16_TB_30	323.2268
layer_16_TB_31	323.0248
layer_17_B_192	330.0177
layer_17_B_193	330.4054
layer_17_B_194	330.6390
layer_17_B_195	330.7462
layer_17_B_196	330.7453
layer_17_B_197	330.6385
layer_17_B_198	330.4048
layer_17_B_199	330.0140
layer_17_B_200	328.6276
layer_17_B_201	329.0042
layer_17_B_202	329.2386
layer_17_B_203	329.3498
layer_17_B_204	329.3474
layer_17_B_205	329.2379
layer_17_B_206	329.0038
layer_17_B_207	328.6269
layer_17_B_208	324.2813
layer_17_B_209	324.5737
layer_17_B_210	324.7685
layer_17_B_211	324.8628
layer_17_B_212	324.8621
layer_17_B_213	324.7682
layer_17_B_214	324.5735
layer_17_B_215	324.2811
layer_17_B_216	322.7997
layer_17_B_217	323.0153
layer_17_B_218	323.1685
layer_17_B_219	323.2446
layer_17_B_220	323.2445
layer_17_B_221	323.1683
layer_17_B_222	323.0152
layer_17_B_223	322.7996
layer_18_TB_0	329.7406
layer_18_TB_1	330.1302
layer_18_TB_2	330.3631
layer_18_TB_3	330.4698
layer_18_TB_4	330.4690
layer_18_TB_5	330.3626
layer_18_TB_6	330.1296
layer_18_TB_7	329.7371
layer_18_TB_8	328.4027
layer_18_TB_9	328.7816
layer_18_TB_10	329.0157
layer_18_TB_11	329.1265
layer_18_TB_12	329.1242
layer_18_TB_13	329.0151
layer_18_TB_14	328.7812
layer_18_TB_15	328.4020
layer_18_TB_16	324.2121
layer_18_TB_17	324.5066
layer_18_TB_18	324.7017
layer_18_TB_19	324.7960
layer_18_TB_20	324.7953
layer_18_TB_21	324.7013
layer_18_TB_22	324.5064
layer_18_TB_23	324.2118
layer_18_TB_24	322.7759
layer_18_TB_25	322.9930
layer_18_TB_26	323.1463
layer_18_TB_27	323.2225
layer_18_TB_28	323.2223
layer_18_TB_29	323.1462
layer_18_TB_30	322.9929
layer_18_TB_31	322.7758
layer_19_B_224	326.9702
layer_19_B_225	327.3787
layer_19_B_226	327.6045
layer_19_B_227	327.7060
layer_19_B_228	327.7055
layer_19_B_229	327.6042
layer_19_B_230	327.3782
layer_19_B_231	326.9681
layer_19_B_232	326.1547
layer_19_B_233	326.5558
layer_19_B_234	326.7874
layer_19_B_235	326.8946
layer_19_B_236	326.8933
layer_19_B_237	326.7870
layer_19_B_238	326.5555
layer_19_B_239	326.1542
layer_19_B_240	323.5189
layer_19_B_241	323.8349
layer_19_B_242	324.0324
layer_19_B_243	324.1264
layer_19_B_244	324.1260
layer_19_B_245	324.0322
layer_19_B_246	323.8348
layer_19_B_247	323.5187
layer_19_B_248	322.5374
layer_19_B_249	322.7698
layer_19_B_250	322.9251
layer_19_B_251	323.0010
layer_19_B_252	323.0009
layer_19_B_253	322.9250
layer_19_B_254	322.7697
layer_19_B_255	322.5373
layer_20_TB_0	326.6664
layer_20_TB_1	327.0772
layer_20_TB_2	327.3022
layer_20_TB_3	327.4031
layer_20_TB_4	327.4026
layer_20_TB_5	327.3018
layer_20_TB_6	327.0767
layer_20_TB_7	326.6645
layer_20_TB_8	325.9053
layer_20_TB_9	326.3090
layer_20_TB_10	326.5403
layer_20_TB_11	326.6471
layer_20_TB_12	326.6459
layer_20_TB_13	326.5399
layer_20_TB_14	326.3087
layer_20_TB_15	325.9048
layer_20_TB_16	323.4470
layer_20_TB_17	323.7655
layer_20_TB_18	323.9632
layer_20_TB_19	324.0572
layer_20_TB_20	324.0568
layer_20_TB_21	323.9630
layer_20_TB_22	323.7653
layer_20_TB_23	323.4468
layer_20_TB_24	322.5126
layer_20_TB_25	322.7467
layer_20_TB_26	322.9021
layer_20_TB_27	322.9780
layer_20_TB_28	322.9780
layer_20_TB_29	322.9020
layer_20_TB_30	322.7466
layer_20_TB_31	322.5125
hsp_TB_0	323.6287
hsp_TB_1	324.0621
hsp_TB_2	324.2786
hsp_TB_3	324.3737
hsp_TB_4	324.3736
hsp_TB_5	324.2784
hsp_TB_6	324.0618
hsp_TB_7	323.6282
hsp_TB_8	323.4115
hsp_TB_9	323.8417
hsp_TB_10	324.0696
hsp_TB_11	324.1724
hsp_TB_12	324.1722
hsp_TB_13	324.0694
hsp_TB_14	323.8415
hsp_TB_15	323.4112
hsp_TB_16	322.7273
hsp_TB_17	323.0710
hsp_TB_18	323.2710
hsp_TB_19	323.3646
hsp_TB_20	323.3645
hsp_TB_21	323.2709
hsp_TB_22	323.0709
hsp_TB_23	322.7271
hsp_TB_24	322.2643
hsp_TB_25	322.5157
hsp_TB_26	322.6727
hsp_TB_27	322.7482
hsp_TB_28	322.7482
hsp_TB_29	322.6726
hsp_TB_30	322.5156
hsp_TB_31	322.2642
hsink_TB_0	322.5810
hsink_TB_1	322.9274
hsink_TB_2	323.1261
hsink_TB_3	323.2167
hsink_TB_4	323.2166
hsink_TB_5	323.1260
hsink_TB_6	322.9272
hsink_TB_7	322.5808
hsink_TB_8	322.5451
hsink_TB_9	322.9039
hsink_TB_10	323.1176
hsink_TB_11	323.2168
hsink_TB_12	323.2168
hsink_TB_13	323.1175
hsink_TB_14	322.9037
hsink_TB_15	322.5450
hsink_TB_16	322.3452
hsink_TB_17	322.6554
hsink_TB_18	322.8486
hsink_TB_19	322.9406
hsink_TB_20	322.9405
hsink_TB_21	322.8486
hsink_TB_22	322.6553
hsink_TB_23	322.3450
hsink_TB_24	322.1144
hsink_TB_25	322.3538
hsink_TB_26	322.5081
hsink_TB_27	322.5828
hsink_TB_28	322.5828
hsink_TB_29	322.5080
hsink_TB_30	322.3537
hsink_TB_31	322.1143
inode_0	321.4993
inode_1	321.4992
inode_2	321.4305
inode_3	322.0159
inode_4	321.4843
inode_5	321.4841
inode_6	321.4223
inode_7	321.9995
inode_8	321.0164
inode_9	321.0163
inode_10	320.9036
inode_11	321.3893
inode_12	332.2342
inode_13	332.2338
inode_14	330.0331
inode_15	334.1879
inode_16	332.2259
inode_17	332.2255
inode_18	330.0352
inode_19	334.1809
inode_20	330.7272
inode_21	330.7269
inode_22	329.8857
inode_23	333.4919
inode_24	326.5407
inode_25	326.5405
inode_26	325.5144
inode_27	327.7774
