pcb_LC_0	332.5653
pcb_LC_1	333.5325
pcb_LC_2	333.9192
pcb_LC_3	334.0584
pcb_LC_4	334.0580
pcb_LC_5	333.9189
pcb_LC_6	333.5335
pcb_LC_7	332.5667
pcb_LC_8	332.0594
pcb_LC_9	332.8572
pcb_LC_10	333.2163
pcb_LC_11	333.3549
pcb_LC_12	333.3546
pcb_LC_13	333.2161
pcb_LC_14	332.8583
pcb_LC_15	332.0610
pcb_LC_16	331.5204
pcb_LC_17	331.8777
pcb_LC_18	332.0609
pcb_LC_19	332.1414
pcb_LC_20	332.1413
pcb_LC_21	332.0610
pcb_LC_22	331.8787
pcb_LC_23	331.5218
pcb_LC_24	331.0368
pcb_LC_25	331.0473
pcb_LC_26	331.0843
pcb_LC_27	331.1115
pcb_LC_28	331.1115
pcb_LC_29	331.0845
pcb_LC_30	331.0480
pcb_LC_31	331.0379
solder_LC_0	334.1821
solder_LC_1	335.0653
solder_LC_2	335.4081
solder_LC_3	335.5311
solder_LC_4	335.5289
solder_LC_5	335.4056
solder_LC_6	335.0683
solder_LC_7	334.1849
solder_LC_8	333.3728
solder_LC_9	333.9326
solder_LC_10	334.1990
solder_LC_11	334.3071
solder_LC_12	334.3056
solder_LC_13	334.1968
solder_LC_14	333.9356
solder_LC_15	333.3757
solder_LC_16	332.0295
solder_LC_17	331.8910
solder_LC_18	331.9289
solder_LC_19	331.9699
solder_LC_20	331.9693
solder_LC_21	331.9281
solder_LC_22	331.8928
solder_LC_23	332.0318
solder_LC_24	331.1405
solder_LC_25	330.5810
solder_LC_26	330.4730
solder_LC_27	330.4656
solder_LC_28	330.4654
solder_LC_29	330.4730
solder_LC_30	330.5819
solder_LC_31	331.1420
sub_LC_0	335.0300
sub_LC_1	335.8403
sub_LC_2	336.1806
sub_LC_3	336.3044
sub_LC_4	336.3001
sub_LC_5	336.1755
sub_LC_6	335.8457
sub_LC_7	335.0336
sub_LC_8	333.9158
sub_LC_9	334.4362
sub_LC_10	334.7018
sub_LC_11	334.8088
sub_LC_12	334.8065
sub_LC_13	334.6972
sub_LC_14	334.4414
sub_LC_15	333.9193
sub_LC_16	331.6661
sub_LC_17	331.5657
sub_LC_18	331.6166
sub_LC_19	331.6616
sub_LC_20	331.6609
sub_LC_21	331.6152
sub_LC_22	331.5680
sub_LC_23	331.6684
sub_LC_24	330.4960
sub_LC_25	330.0208
sub_LC_26	329.9336
sub_LC_27	329.9332
sub_LC_28	329.9330
sub_LC_29	329.9334
sub_LC_30	330.0217
sub_LC_31	330.4975
layer_3_LC_0	343.1286
layer_3_LC_1	343.5016
layer_3_LC_2	343.7967
layer_3_LC_3	343.9171
layer_3_LC_4	343.8900
layer_3_LC_5	343.7644
layer_3_LC_6	343.5337
layer_3_LC_7	343.1391
layer_3_LC_8	339.3361
layer_3_LC_9	339.6626
layer_3_LC_10	339.9403
layer_3_LC_11	340.0366
layer_3_LC_12	340.0264
layer_3_LC_13	339.9090
layer_3_LC_14	339.6930
layer_3_LC_15	339.3452
layer_3_LC_16	327.7812
layer_3_LC_17	327.9979
layer_3_LC_18	328.1882
layer_3_LC_19	328.2765
layer_3_LC_20	328.2740
layer_3_LC_21	328.1812
layer_3_LC_22	328.0051
layer_3_LC_23	327.7848
layer_3_LC_24	324.2022
layer_3_LC_25	324.3470
layer_3_LC_26	324.4866
layer_3_LC_27	324.5609
layer_3_LC_28	324.5605
layer_3_LC_29	324.4857
layer_3_LC_30	324.3482
layer_3_LC_31	324.2034
layer_4_TB_0	343.0544
layer_4_TB_1	343.4270
layer_4_TB_2	343.7220
layer_4_TB_3	343.8424
layer_4_TB_4	343.8152
layer_4_TB_5	343.6896
layer_4_TB_6	343.4592
layer_4_TB_7	343.0648
layer_4_TB_8	339.2695
layer_4_TB_9	339.5960
layer_4_TB_10	339.8738
layer_4_TB_11	339.9699
layer_4_TB_12	339.9597
layer_4_TB_13	339.8424
layer_4_TB_14	339.6266
layer_4_TB_15	339.2786
layer_4_TB_16	327.7659
layer_4_TB_17	327.9832
layer_4_TB_18	328.1736
layer_4_TB_19	328.2619
layer_4_TB_20	328.2594
layer_4_TB_21	328.1666
layer_4_TB_22	327.9903
layer_4_TB_23	327.7695
layer_4_TB_24	324.1931
layer_4_TB_25	324.3387
layer_4_TB_26	324.4784
layer_4_TB_27	324.5528
layer_4_TB_28	324.5524
layer_4_TB_29	324.4776
layer_4_TB_30	324.3398
layer_4_TB_31	324.1943
layer_5_B_0	342.3122
layer_5_B_1	342.6822
layer_5_B_2	342.9756
layer_5_B_3	343.0952
layer_5_B_4	343.0673
layer_5_B_5	342.9427
layer_5_B_6	342.7152
layer_5_B_7	342.3224
layer_5_B_8	338.6051
layer_5_B_9	338.9317
layer_5_B_10	339.2100
layer_5_B_11	339.3045
layer_5_B_12	339.2945
layer_5_B_13	339.1775
layer_5_B_14	338.9634
layer_5_B_15	338.6140
layer_5_B_16	327.6115
layer_5_B_17	327.8336
layer_5_B_18	328.0255
layer_5_B_19	328.1143
layer_5_B_20	328.1119
layer_5_B_21	328.0186
layer_5_B_22	327.8407
layer_5_B_23	327.6151
layer_5_B_24	324.1020
layer_5_B_25	324.2544
layer_5_B_26	324.3966
layer_5_B_27	324.4717
layer_5_B_28	324.4712
layer_5_B_29	324.3957
layer_5_B_30	324.2556
layer_5_B_31	324.1032
layer_6_TB_0	342.2066
layer_6_TB_1	342.5767
layer_6_TB_2	342.8699
layer_6_TB_3	342.9892
layer_6_TB_4	342.9614
layer_6_TB_5	342.8368
layer_6_TB_6	342.6096
layer_6_TB_7	342.2168
layer_6_TB_8	338.5161
layer_6_TB_9	338.8430
layer_6_TB_10	339.1213
layer_6_TB_11	339.2157
layer_6_TB_12	339.2056
layer_6_TB_13	339.0887
layer_6_TB_14	338.8747
layer_6_TB_15	338.5250
layer_6_TB_16	327.5855
layer_6_TB_17	327.8082
layer_6_TB_18	328.0003
layer_6_TB_19	328.0891
layer_6_TB_20	328.0867
layer_6_TB_21	327.9934
layer_6_TB_22	327.8153
layer_6_TB_23	327.5890
layer_6_TB_24	324.0902
layer_6_TB_25	324.2434
layer_6_TB_26	324.3857
layer_6_TB_27	324.4609
layer_6_TB_28	324.4604
layer_6_TB_29	324.3849
layer_6_TB_30	324.2445
layer_6_TB_31	324.0913
layer_7_B_32	341.1513
layer_7_B_33	341.5216
layer_7_B_34	341.8129
layer_7_B_35	341.9293
layer_7_B_36	341.9020
layer_7_B_37	341.7788
layer_7_B_38	341.5542
layer_7_B_39	341.1611
layer_7_B_40	337.6277
layer_7_B_41	337.9573
layer_7_B_42	338.2354
layer_7_B_43	338.3284
layer_7_B_44	338.3188
layer_7_B_45	338.2024
layer_7_B_46	337.9894
layer_7_B_47	337.6363
layer_7_B_48	327.3235
layer_7_B_49	327.5528
layer_7_B_50	327.7465
layer_7_B_51	327.8358
layer_7_B_52	327.8335
layer_7_B_53	327.7397
layer_7_B_54	327.5597
layer_7_B_55	327.3269
layer_7_B_56	323.9713
layer_7_B_57	324.1322
layer_7_B_58	324.2769
layer_7_B_59	324.3527
layer_7_B_60	324.3523
layer_7_B_61	324.2761
layer_7_B_62	324.1333
layer_7_B_63	323.9724
layer_8_TB_0	341.0146
layer_8_TB_1	341.3852
layer_8_TB_2	341.6761
layer_8_TB_3	341.7922
layer_8_TB_4	341.7650
layer_8_TB_5	341.6420
layer_8_TB_6	341.4177
layer_8_TB_7	341.0244
layer_8_TB_8	337.5157
layer_8_TB_9	337.8459
layer_8_TB_10	338.1239
layer_8_TB_11	338.2168
layer_8_TB_12	338.2072
layer_8_TB_13	338.0909
layer_8_TB_14	337.8780
layer_8_TB_15	337.5243
layer_8_TB_16	327.2875
layer_8_TB_17	327.5176
layer_8_TB_18	327.7115
layer_8_TB_19	327.8009
layer_8_TB_20	327.7986
layer_8_TB_21	327.7048
layer_8_TB_22	327.5245
layer_8_TB_23	327.2909
layer_8_TB_24	323.9568
layer_8_TB_25	324.1185
layer_8_TB_26	324.2635
layer_8_TB_27	324.3394
layer_8_TB_28	324.3390
layer_8_TB_29	324.2627
layer_8_TB_30	324.1196
layer_8_TB_31	323.9579
layer_9_B_64	339.6480
layer_9_B_65	340.0214
layer_9_B_66	340.3084
layer_9_B_67	340.4212
layer_9_B_68	340.3957
layer_9_B_69	340.2745
layer_9_B_70	340.0525
layer_9_B_71	339.6571
layer_9_B_72	336.3978
layer_9_B_73	336.7334
layer_9_B_74	337.0104
layer_9_B_75	337.1023
layer_9_B_76	337.0932
layer_9_B_77	336.9777
layer_9_B_78	336.7651
layer_9_B_79	336.4059
layer_9_B_80	326.9258
layer_9_B_81	327.1644
layer_9_B_82	327.3600
layer_9_B_83	327.4499
layer_9_B_84	327.4478
layer_9_B_85	327.3536
layer_9_B_86	327.1710
layer_9_B_87	326.9290
layer_9_B_88	323.8113
layer_9_B_89	323.9816
layer_9_B_90	324.1290
layer_9_B_91	324.2054
layer_9_B_92	324.2050
layer_9_B_93	324.1283
layer_9_B_94	323.9826
layer_9_B_95	323.8123
layer_10_TB_0	339.4806
layer_10_TB_1	339.8546
layer_10_TB_2	340.1410
layer_10_TB_3	340.2533
layer_10_TB_4	340.2281
layer_10_TB_5	340.1072
layer_10_TB_6	339.8854
layer_10_TB_7	339.4896
layer_10_TB_8	336.2627
layer_10_TB_9	336.5990
layer_10_TB_10	336.8759
layer_10_TB_11	336.9676
layer_10_TB_12	336.9587
layer_10_TB_13	336.8432
layer_10_TB_14	336.6307
layer_10_TB_15	336.2706
layer_10_TB_16	326.8807
layer_10_TB_17	327.1203
layer_10_TB_18	327.3161
layer_10_TB_19	327.4061
layer_10_TB_20	327.4040
layer_10_TB_21	327.3097
layer_10_TB_22	327.1268
layer_10_TB_23	326.8838
layer_10_TB_24	323.7942
layer_10_TB_25	323.9655
layer_10_TB_26	324.1132
layer_10_TB_27	324.1897
layer_10_TB_28	324.1893
layer_10_TB_29	324.1125
layer_10_TB_30	323.9666
layer_10_TB_31	323.7953
layer_11_B_96	337.8065
layer_11_B_97	338.1863
layer_11_B_98	338.4666
layer_11_B_99	338.5751
layer_11_B_100	338.5528
layer_11_B_101	338.4343
layer_11_B_102	338.2146
layer_11_B_103	337.8146
layer_11_B_104	334.9121
layer_11_B_105	335.2566
layer_11_B_106	335.5317
layer_11_B_107	335.6226
layer_11_B_108	335.6145
layer_11_B_109	335.5000
layer_11_B_110	335.2872
layer_11_B_111	334.9194
layer_11_B_112	326.4278
layer_11_B_113	326.6780
layer_11_B_114	326.8754
layer_11_B_115	326.9661
layer_11_B_116	326.9642
layer_11_B_117	326.8696
layer_11_B_118	326.6840
layer_11_B_119	326.4307
layer_11_B_120	323.6237
layer_11_B_121	323.8046
layer_11_B_122	323.9547
layer_11_B_123	324.0317
layer_11_B_124	324.0313
layer_11_B_125	323.9541
layer_11_B_126	323.8055
layer_11_B_127	323.6246
layer_12_TB_0	337.6090
layer_12_TB_1	337.9896
layer_12_TB_2	338.2691
layer_12_TB_3	338.3772
layer_12_TB_4	338.3553
layer_12_TB_5	338.2370
layer_12_TB_6	338.0173
layer_12_TB_7	337.6170
layer_12_TB_8	334.7535
layer_12_TB_9	335.0992
layer_12_TB_10	335.3738
layer_12_TB_11	335.4648
layer_12_TB_12	335.4568
layer_12_TB_13	335.3425
layer_12_TB_14	335.1294
layer_12_TB_15	334.7607
layer_12_TB_16	326.3744
layer_12_TB_17	326.6259
layer_12_TB_18	326.8235
layer_12_TB_19	326.9143
layer_12_TB_20	326.9124
layer_12_TB_21	326.8178
layer_12_TB_22	326.6318
layer_12_TB_23	326.3773
layer_12_TB_24	323.6044
layer_12_TB_25	323.7864
layer_12_TB_26	323.9368
layer_12_TB_27	324.0137
layer_12_TB_28	324.0134
layer_12_TB_29	323.9361
layer_12_TB_30	323.7873
layer_12_TB_31	323.6053
layer_13_B_128	335.6338
layer_13_B_129	336.0231
layer_13_B_130	336.2944
layer_13_B_131	336.3981
layer_13_B_132	336.3804
layer_13_B_133	336.2650
layer_13_B_134	336.0455
layer_13_B_135	335.6408
layer_13_B_136	333.1690
layer_13_B_137	333.5257
layer_13_B_138	333.7959
layer_13_B_139	333.8881
layer_13_B_140	333.8811
layer_13_B_141	333.7680
layer_13_B_142	333.5525
layer_13_B_143	333.1753
layer_13_B_144	325.8396
layer_13_B_145	326.1039
layer_13_B_146	326.3032
layer_13_B_147	326.3947
layer_13_B_148	326.3930
layer_13_B_149	326.2982
layer_13_B_150	326.1091
layer_13_B_151	325.8421
layer_13_B_152	323.4109
layer_13_B_153	323.6038
layer_13_B_154	323.7566
layer_13_B_155	323.8340
layer_13_B_156	323.8337
layer_13_B_157	323.7560
layer_13_B_158	323.6047
layer_13_B_159	323.4118
layer_14_TB_0	335.4069
layer_14_TB_1	335.7974
layer_14_TB_2	336.0675
layer_14_TB_3	336.1709
layer_14_TB_4	336.1536
layer_14_TB_5	336.0385
layer_14_TB_6	335.8190
layer_14_TB_7	335.4137
layer_14_TB_8	332.9869
layer_14_TB_9	333.3450
layer_14_TB_10	333.6147
layer_14_TB_11	333.7070
layer_14_TB_12	333.7002
layer_14_TB_13	333.5871
layer_14_TB_14	333.3713
layer_14_TB_15	332.9931
layer_14_TB_16	325.7790
layer_14_TB_17	326.0449
layer_14_TB_18	326.2444
layer_14_TB_19	326.3360
layer_14_TB_20	326.3344
layer_14_TB_21	326.2394
layer_14_TB_22	326.0501
layer_14_TB_23	325.7815
layer_14_TB_24	323.3896
layer_14_TB_25	323.5837
layer_14_TB_26	323.7368
layer_14_TB_27	323.8141
layer_14_TB_28	323.8138
layer_14_TB_29	323.7362
layer_14_TB_30	323.5846
layer_14_TB_31	323.3904
layer_15_B_160	333.1376
layer_15_B_161	333.5400
layer_15_B_162	333.7993
layer_15_B_163	333.8995
layer_15_B_164	333.8861
layer_15_B_165	333.7744
layer_15_B_166	333.5548
layer_15_B_167	333.1432
layer_15_B_168	331.1667
layer_15_B_169	331.5389
layer_15_B_170	331.8032
layer_15_B_171	331.8971
layer_15_B_172	331.8915
layer_15_B_173	331.7799
layer_15_B_174	331.5611
layer_15_B_175	331.1719
layer_15_B_176	325.1728
layer_15_B_177	325.4541
layer_15_B_178	325.6553
layer_15_B_179	325.7477
layer_15_B_180	325.7463
layer_15_B_181	325.6511
layer_15_B_182	325.4584
layer_15_B_183	325.1749
layer_15_B_184	323.1760
layer_15_B_185	323.3824
layer_15_B_186	323.5377
layer_15_B_187	323.6154
layer_15_B_188	323.6151
layer_15_B_189	323.5373
layer_15_B_190	323.3831
layer_15_B_191	323.1767
layer_16_TB_0	332.8818
layer_16_TB_1	333.2854
layer_16_TB_2	333.5437
layer_16_TB_3	333.6437
layer_16_TB_4	333.6307
layer_16_TB_5	333.5193
layer_16_TB_6	333.2998
layer_16_TB_7	332.8872
layer_16_TB_8	330.9607
layer_16_TB_9	331.3346
layer_16_TB_10	331.5982
layer_16_TB_11	331.6923
layer_16_TB_12	331.6868
layer_16_TB_13	331.5754
layer_16_TB_14	331.3563
layer_16_TB_15	330.9657
layer_16_TB_16	325.1063
layer_16_TB_17	325.3895
layer_16_TB_18	325.5908
layer_16_TB_19	325.6833
layer_16_TB_20	325.6820
layer_16_TB_21	325.5868
layer_16_TB_22	325.3937
layer_16_TB_23	325.1084
layer_16_TB_24	323.1530
layer_16_TB_25	323.3608
layer_16_TB_26	323.5163
layer_16_TB_27	323.5939
layer_16_TB_28	323.5937
layer_16_TB_29	323.5158
layer_16_TB_30	323.3615
layer_16_TB_31	323.1537
layer_17_B_192	330.3241
layer_17_B_193	330.7396
layer_17_B_194	330.9880
layer_17_B_195	331.0856
layer_17_B_196	331.0764
layer_17_B_197	330.9689
layer_17_B_198	330.7492
layer_17_B_199	330.3282
layer_17_B_200	328.9008
layer_17_B_201	329.2922
layer_17_B_202	329.5490
layer_17_B_203	329.6452
layer_17_B_204	329.6412
layer_17_B_205	329.5314
layer_17_B_206	329.3088
layer_17_B_207	328.9046
layer_17_B_208	324.4409
layer_17_B_209	324.7424
layer_17_B_210	324.9453
layer_17_B_211	325.0387
layer_17_B_212	325.0377
layer_17_B_213	324.9423
layer_17_B_214	324.7456
layer_17_B_215	324.4426
layer_17_B_216	322.9223
layer_17_B_217	323.1440
layer_17_B_218	323.3016
layer_17_B_219	323.3794
layer_17_B_220	323.3792
layer_17_B_221	323.3013
layer_17_B_222	323.1445
layer_17_B_223	322.9229
layer_18_TB_0	330.0401
layer_18_TB_1	330.4569
layer_18_TB_2	330.7042
layer_18_TB_3	330.8018
layer_18_TB_4	330.7929
layer_18_TB_5	330.6858
layer_18_TB_6	330.4662
layer_18_TB_7	330.0441
layer_18_TB_8	328.6702
layer_18_TB_9	329.0637
layer_18_TB_10	329.3197
layer_18_TB_11	329.4162
layer_18_TB_12	329.4123
layer_18_TB_13	329.3028
layer_18_TB_14	329.0797
layer_18_TB_15	328.6739
layer_18_TB_16	324.3700
layer_18_TB_17	324.6737
layer_18_TB_18	324.8767
layer_18_TB_19	324.9702
layer_18_TB_20	324.9692
layer_18_TB_21	324.8738
layer_18_TB_22	324.6767
layer_18_TB_23	324.3716
layer_18_TB_24	322.8979
layer_18_TB_25	323.1211
layer_18_TB_26	323.2790
layer_18_TB_27	323.3567
layer_18_TB_28	323.3565
layer_18_TB_29	323.2786
layer_18_TB_30	323.1217
layer_18_TB_31	322.8985
layer_19_B_224	327.2003
layer_19_B_225	327.6295
layer_19_B_226	327.8673
layer_19_B_227	327.9635
layer_19_B_228	327.9583
layer_19_B_229	327.8557
layer_19_B_230	327.6358
layer_19_B_231	327.2029
layer_19_B_232	326.3651
layer_19_B_233	326.7798
layer_19_B_234	327.0273
layer_19_B_235	327.1268
layer_19_B_236	327.1243
layer_19_B_237	327.0168
layer_19_B_238	326.7897
layer_19_B_239	326.3675
layer_19_B_240	323.6599
layer_19_B_241	323.9853
layer_19_B_242	324.1898
layer_19_B_243	324.2842
layer_19_B_244	324.2836
layer_19_B_245	324.1879
layer_19_B_246	323.9872
layer_19_B_247	323.6611
layer_19_B_248	322.6536
layer_19_B_249	322.8924
layer_19_B_250	323.0521
layer_19_B_251	323.1299
layer_19_B_252	323.1297
layer_19_B_253	323.0519
layer_19_B_254	322.8929
layer_19_B_255	322.6541
layer_20_TB_0	326.8889
layer_20_TB_1	327.3196
layer_20_TB_2	327.5561
layer_20_TB_3	327.6524
layer_20_TB_4	327.6475
layer_20_TB_5	327.5454
layer_20_TB_6	327.3255
layer_20_TB_7	326.8913
layer_20_TB_8	326.1092
layer_20_TB_9	326.5265
layer_20_TB_10	326.7729
layer_20_TB_11	326.8728
layer_20_TB_12	326.8705
layer_20_TB_13	326.7632
layer_20_TB_14	326.5357
layer_20_TB_15	326.1116
layer_20_TB_16	323.5862
layer_20_TB_17	323.9141
layer_20_TB_18	324.1188
layer_20_TB_19	324.2133
layer_20_TB_20	324.2127
layer_20_TB_21	324.1170
layer_20_TB_22	323.9160
layer_20_TB_23	323.5873
layer_20_TB_24	322.6282
layer_20_TB_25	322.8688
layer_20_TB_26	323.0286
layer_20_TB_27	323.1063
layer_20_TB_28	323.1062
layer_20_TB_29	323.0284
layer_20_TB_30	322.8692
layer_20_TB_31	322.6286
hsp_TB_0	323.7741
hsp_TB_1	324.2211
hsp_TB_2	324.4450
hsp_TB_3	324.5409
hsp_TB_4	324.5397
hsp_TB_5	324.4425
hsp_TB_6	324.2224
hsp_TB_7	323.7751
hsp_TB_8	323.5513
hsp_TB_9	323.9940
hsp_TB_10	324.2298
hsp_TB_11	324.3335
hsp_TB_12	324.3327
hsp_TB_13	324.2278
hsp_TB_14	323.9957
hsp_TB_15	323.5523
hsp_TB_16	322.8489
hsp_TB_17	323.2022
hsp_TB_18	323.4082
hsp_TB_19	323.5037
hsp_TB_20	323.5034
hsp_TB_21	323.4076
hsp_TB_22	323.2029
hsp_TB_23	322.8495
hsp_TB_24	322.3738
hsp_TB_25	322.6321
hsp_TB_26	322.7934
hsp_TB_27	322.8709
hsp_TB_28	322.8708
hsp_TB_29	322.7933
hsp_TB_30	322.6323
hsp_TB_31	322.3741
hsink_TB_0	322.6994
hsink_TB_1	323.0554
hsink_TB_2	323.2597
hsink_TB_3	323.3525
hsink_TB_4	323.3523
hsink_TB_5	323.2594
hsink_TB_6	323.0556
hsink_TB_7	322.6997
hsink_TB_8	322.6625
hsink_TB_9	323.0311
hsink_TB_10	323.2508
hsink_TB_11	323.3525
hsink_TB_12	323.3524
hsink_TB_13	323.2505
hsink_TB_14	323.0314
hsink_TB_15	322.6629
hsink_TB_16	322.4571
hsink_TB_17	322.7758
hsink_TB_18	322.9744
hsink_TB_19	323.0687
hsink_TB_20	323.0686
hsink_TB_21	322.9743
hsink_TB_22	322.7761
hsink_TB_23	322.4575
hsink_TB_24	322.2202
hsink_TB_25	322.4661
hsink_TB_26	322.6245
hsink_TB_27	322.7013
hsink_TB_28	322.7013
hsink_TB_29	322.6245
hsink_TB_30	322.4662
hsink_TB_31	322.2205
inode_0	321.5887
inode_1	321.5890
inode_2	321.5182
inode_3	322.1196
inode_4	321.5732
inode_5	321.5735
inode_6	321.5098
inode_7	322.1028
inode_8	321.0929
inode_9	321.0931
inode_10	320.9772
inode_11	321.4762
inode_12	332.5765
inode_13	332.5788
inode_14	330.3259
inode_15	334.5785
inode_16	332.5680
inode_17	332.5703
inode_18	330.3280
inode_19	334.5713
inode_20	331.0336
inode_21	331.0351
inode_22	330.1745
inode_23	333.8657
inode_24	326.7452
inode_25	326.7461
inode_26	325.6957
inode_27	328.0120
